\BOOKMARK [1][-]{section.1}{\376\377\000O\000v\000e\000r\000a\000l\000l\000\040\000A\000s\000s\000e\000s\000s\000m\000e\000n\000t}{}% 1
\BOOKMARK [1][-]{section.2}{\376\377\000P\000r\000i\000o\000r\000i\000t\000y\000\040\000R\000e\000v\000i\000s\000i\000o\000n\000\040\000P\000l\000a\000n}{}% 2
\BOOKMARK [1][-]{section.3}{\376\377\0001\000.\000\040\000M\000a\000k\000e\000\040\000t\000h\000e\000\040\000A\000l\000g\000o\000r\000i\000t\000h\000m\000i\000c\000\040\000N\000o\000v\000e\000l\000t\000y\000\040\000U\000n\000m\000i\000s\000t\000a\000k\000a\000b\000l\000e}{}% 3
\BOOKMARK [2][-]{subsection.3.1}{\376\377\000R\000e\000c\000o\000m\000m\000e\000n\000d\000e\000d\000\040\000D\000i\000r\000e\000c\000t\000\040\000E\000x\000p\000e\000r\000i\000m\000e\000n\000t}{section.3}% 4
\BOOKMARK [1][-]{section.4}{\376\377\0002\000.\000\040\000A\000d\000d\000\040\000a\000\040\000C\000o\000m\000p\000r\000e\000h\000e\000n\000s\000i\000v\000e\000\040\000A\000b\000l\000a\000t\000i\000o\000n\000\040\000S\000t\000u\000d\000y}{}% 5
\BOOKMARK [1][-]{section.5}{\376\377\0003\000.\000\040\000E\000x\000p\000a\000n\000d\000\040\000t\000h\000e\000\040\000D\000r\000i\000f\000t\000\040\000E\000x\000p\000e\000r\000i\000m\000e\000n\000t\000s}{}% 6
\BOOKMARK [1][-]{section.6}{\376\377\0004\000.\000\040\000G\000i\000v\000e\000\040\000t\000h\000e\000\040\000R\000e\000a\000c\000t\000i\000o\000n\000\040\000C\000o\000n\000t\000r\000o\000l\000l\000e\000r\000\040\000a\000\040\000S\000t\000r\000o\000n\000g\000e\000r\000\040\000J\000u\000s\000t\000i\000f\000i\000c\000a\000t\000i\000o\000n}{}% 7
\BOOKMARK [2][-]{subsection.6.1}{\376\377\000L\000e\000a\000r\000n\000i\000n\000g\000-\000R\000a\000t\000e\000\040\000A\000d\000a\000p\000t\000a\000t\000i\000o\000n}{section.6}% 8
\BOOKMARK [2][-]{subsection.6.2}{\376\377\000R\000o\000u\000t\000i\000n\000g\000-\000T\000e\000m\000p\000e\000r\000a\000t\000u\000r\000e\000\040\000A\000d\000a\000p\000t\000a\000t\000i\000o\000n}{section.6}% 9
\BOOKMARK [2][-]{subsection.6.3}{\376\377\000S\000e\000n\000s\000i\000t\000i\000v\000i\000t\000y\000\040\000A\000n\000a\000l\000y\000s\000i\000s}{section.6}% 10
\BOOKMARK [2][-]{subsection.6.4}{\376\377\000S\000t\000a\000b\000i\000l\000i\000t\000y\000\040\000a\000n\000d\000\040\000A\000n\000n\000e\000a\000l\000i\000n\000g}{section.6}% 11
\BOOKMARK [1][-]{section.7}{\376\377\0005\000.\000\040\000A\000d\000d\000r\000e\000s\000s\000\040\000t\000h\000e\000\040\000E\000q\000u\000a\000l\000i\000z\000e\000d\000\040\000O\000d\000d\000s\000\040\000I\000s\000s\000u\000e}{}% 12
\BOOKMARK [2][-]{subsection.7.1}{\376\377\000P\000r\000e\000f\000e\000r\000r\000e\000d\000\040\000S\000t\000r\000a\000t\000e\000g\000y\000:\000\040\000A\000d\000d\000\040\000a\000\040\000S\000m\000a\000l\000l\000\040\000E\000O\000\040\000P\000i\000l\000o\000t}{section.7}% 13
\BOOKMARK [2][-]{subsection.7.2}{\376\377\000A\000t\000\040\000M\000i\000n\000i\000m\000u\000m\000:\000\040\000C\000l\000a\000r\000i\000f\000y\000\040\000t\000h\000e\000\040\000C\000l\000a\000i\000m\000s}{section.7}% 14
\BOOKMARK [1][-]{section.8}{\376\377\0006\000.\000\040\000R\000e\000c\000o\000n\000s\000i\000d\000e\000r\000\040\000t\000h\000e\000\040\000O\000f\000f\000l\000i\000n\000e\000\040\000N\000S\000G\000A\000-\000I\000I\000\040\000H\000y\000p\000e\000r\000p\000a\000r\000a\000m\000e\000t\000e\000r\000\040\000T\000u\000n\000i\000n\000g}{}% 15
\BOOKMARK [2][-]{subsection.8.1}{\376\377\000O\000p\000t\000i\000o\000n\000\040\000A\000:\000\040\000D\000e\000f\000e\000n\000d\000\040\000t\000h\000e\000\040\000C\000u\000r\000r\000e\000n\000t\000\040\000P\000r\000o\000t\000o\000c\000o\000l}{section.8}% 16
\BOOKMARK [2][-]{subsection.8.2}{\376\377\000O\000p\000t\000i\000o\000n\000\040\000B\000:\000\040\000A\000d\000d\000\040\000D\000y\000n\000a\000m\000i\000c\000\040\000L\000a\000m\000b\000d\000a\000\040\000A\000d\000a\000p\000t\000a\000t\000i\000o\000n}{section.8}% 17
\BOOKMARK [1][-]{section.9}{\376\377\0007\000.\000\040\000A\000d\000d\000\040\000R\000u\000n\000t\000i\000m\000e\000\040\000a\000n\000d\000\040\000E\000f\000f\000i\000c\000i\000e\000n\000c\000y\000\040\000A\000n\000a\000l\000y\000s\000i\000s}{}% 18
\BOOKMARK [1][-]{section.10}{\376\377\0008\000.\000\040\000D\000i\000s\000c\000u\000s\000s\000\040\000I\000n\000t\000e\000r\000p\000r\000e\000t\000a\000b\000i\000l\000i\000t\000y\000\040\000a\000n\000d\000\040\000H\000i\000g\000h\000-\000S\000t\000a\000k\000e\000s\000\040\000A\000p\000p\000l\000i\000c\000a\000t\000i\000o\000n\000s}{}% 19
\BOOKMARK [1][-]{section.11}{\376\377\0009\000.\000\040\000P\000r\000e\000s\000e\000n\000t\000a\000t\000i\000o\000n\000\040\000a\000n\000d\000\040\000P\000o\000s\000i\000t\000i\000o\000n\000i\000n\000g}{}% 20
\BOOKMARK [1][-]{section.12}{\376\377\0001\0000\000.\000\040\000W\000h\000a\000t\000\040\000t\000o\000\040\000D\000o\000\040\000I\000f\000\040\000T\000i\000m\000e\000\040\000I\000s\000\040\000L\000i\000m\000i\000t\000e\000d}{}% 21
\BOOKMARK [1][-]{section.13}{\376\377\0001\0001\000.\000\040\000T\000a\000r\000g\000e\000t\000\040\000A\000c\000c\000e\000p\000t\000a\000n\000c\000e\000\040\000N\000a\000r\000r\000a\000t\000i\000v\000e}{}% 22
\BOOKMARK [1][-]{section.14}{\376\377\0001\0002\000.\000\040\000F\000i\000n\000a\000l\000\040\000C\000h\000e\000c\000k\000l\000i\000s\000t}{}% 23
\BOOKMARK [1][-]{section.15}{\376\377\000C\000o\000n\000c\000l\000u\000s\000i\000o\000n}{}% 24
